1762534179: mosquitto version 2.0.22 starting
1762534179: Config loaded from mqtt/config/local-mosquitto.conf.
1762534179: Opening ipv6 listen socket on port 1883.
1762534179: Opening ipv4 listen socket on port 1883.
1762534179: mosquitto version 2.0.22 running
1762534190: New connection from ::1:51599 on port 1883.
1762534190: New client connected from ::1:51599 as backend_mqtt_client (p2, c1, k60).
1762534190: No will message specified.
1762534190: Sending CONNACK to backend_mqtt_client (0, 0)
1762534190: Received SUBSCRIBE from backend_mqtt_client
1762534190: 	drone/+/telemetry (QoS 0)
1762534190: backend_mqtt_client 0 drone/+/telemetry
1762534190: Sending SUBACK to backend_mqtt_client
1762534190: Received SUBSCRIBE from backend_mqtt_client
1762534190: 	drone/+/state (QoS 0)
1762534190: backend_mqtt_client 0 drone/+/state
1762534190: Sending SUBACK to backend_mqtt_client
1762534190: Received SUBSCRIBE from backend_mqtt_client
1762534190: 	drone/+/command_result (QoS 0)
1762534190: backend_mqtt_client 0 drone/+/command_result
1762534190: Sending SUBACK to backend_mqtt_client
1762534209: New connection from ::1:51722 on port 1883.
1762534209: New client connected from ::1:51722 as mock_telemetry (p2, c1, k60).
1762534209: No will message specified.
1762534209: Sending CONNACK to mock_telemetry (0, 0)
1762534209: Received PUBLISH from mock_telemetry (d0, q1, r0, m1, 'drone/drone_1/telemetry', ... (186 bytes))
1762534209: Sending PUBLISH to backend_mqtt_client (d0, q0, r0, m0, 'drone/drone_1/telemetry', ... (186 bytes))
1762534209: Sending PUBACK to mock_telemetry (m1, rc0)
1762534209: Received PUBLISH from mock_telemetry (d0, q1, r0, m2, 'drone/drone_1/telemetry', ... (189 bytes))
1762534209: Sending PUBLISH to backend_mqtt_client (d0, q0, r0, m0, 'drone/drone_1/telemetry', ... (189 bytes))
1762534209: Sending PUBACK to mock_telemetry (m2, rc0)
1762534209: Received PUBLISH from mock_telemetry (d0, q1, r0, m3, 'drone/drone_1/telemetry', ... (187 bytes))
1762534209: Sending PUBLISH to backend_mqtt_client (d0, q0, r0, m0, 'drone/drone_1/telemetry', ... (187 bytes))
1762534209: Sending PUBACK to mock_telemetry (m3, rc0)
1762534209: Received PUBLISH from mock_telemetry (d0, q1, r0, m4, 'drone/drone_1/telemetry', ... (220 bytes))
1762534209: Sending PUBLISH to backend_mqtt_client (d0, q0, r0, m0, 'drone/drone_1/telemetry', ... (220 bytes))
1762534209: Sending PUBACK to mock_telemetry (m4, rc0)
1762534209: Received PUBLISH from mock_telemetry (d0, q1, r0, m5, 'drone/drone_1/telemetry', ... (187 bytes))
1762534209: Sending PUBLISH to backend_mqtt_client (d0, q0, r0, m0, 'drone/drone_1/telemetry', ... (187 bytes))
1762534209: Sending PUBACK to mock_telemetry (m5, rc0)
1762534209: Received PUBLISH from mock_telemetry (d0, q1, r0, m6, 'drone/drone_1/telemetry', ... (189 bytes))
1762534209: Sending PUBLISH to backend_mqtt_client (d0, q0, r0, m0, 'drone/drone_1/telemetry', ... (189 bytes))
1762534209: Sending PUBACK to mock_telemetry (m6, rc0)
1762534209: Received PUBLISH from mock_telemetry (d0, q1, r0, m7, 'drone/drone_1/telemetry', ... (218 bytes))
1762534209: Sending PUBLISH to backend_mqtt_client (d0, q0, r0, m0, 'drone/drone_1/telemetry', ... (218 bytes))
1762534209: Sending PUBACK to mock_telemetry (m7, rc0)
1762534210: Received PUBLISH from mock_telemetry (d0, q1, r0, m8, 'drone/drone_1/telemetry', ... (219 bytes))
1762534210: Sending PUBLISH to backend_mqtt_client (d0, q0, r0, m0, 'drone/drone_1/telemetry', ... (219 bytes))
1762534210: Sending PUBACK to mock_telemetry (m8, rc0)
1762534210: Received PUBLISH from mock_telemetry (d0, q1, r0, m9, 'drone/drone_1/telemetry', ... (187 bytes))
1762534210: Sending PUBLISH to backend_mqtt_client (d0, q0, r0, m0, 'drone/drone_1/telemetry', ... (187 bytes))
1762534210: Sending PUBACK to mock_telemetry (m9, rc0)
1762534210: Received PUBLISH from mock_telemetry (d0, q1, r0, m10, 'drone/drone_1/telemetry', ... (189 bytes))
1762534210: Sending PUBLISH to backend_mqtt_client (d0, q0, r0, m0, 'drone/drone_1/telemetry', ... (189 bytes))
1762534210: Sending PUBACK to mock_telemetry (m10, rc0)
1762534210: Received PUBLISH from mock_telemetry (d0, q1, r0, m11, 'drone/drone_1/telemetry', ... (186 bytes))
1762534210: Sending PUBLISH to backend_mqtt_client (d0, q0, r0, m0, 'drone/drone_1/telemetry', ... (186 bytes))
1762534210: Sending PUBACK to mock_telemetry (m11, rc0)
1762534210: Received PUBLISH from mock_telemetry (d0, q1, r0, m12, 'drone/drone_1/telemetry', ... (189 bytes))
1762534210: Sending PUBLISH to backend_mqtt_client (d0, q0, r0, m0, 'drone/drone_1/telemetry', ... (189 bytes))
1762534210: Sending PUBACK to mock_telemetry (m12, rc0)
1762534210: Received PUBLISH from mock_telemetry (d0, q1, r0, m13, 'drone/drone_1/telemetry', ... (217 bytes))
1762534210: Sending PUBLISH to backend_mqtt_client (d0, q0, r0, m0, 'drone/drone_1/telemetry', ... (217 bytes))
1762534210: Sending PUBACK to mock_telemetry (m13, rc0)
1762534210: Received PUBLISH from mock_telemetry (d0, q1, r0, m14, 'drone/drone_1/telemetry', ... (189 bytes))
1762534210: Sending PUBLISH to backend_mqtt_client (d0, q0, r0, m0, 'drone/drone_1/telemetry', ... (189 bytes))
1762534210: Sending PUBACK to mock_telemetry (m14, rc0)
1762534210: Received PUBLISH from mock_telemetry (d0, q1, r0, m15, 'drone/drone_1/telemetry', ... (231 bytes))
1762534210: Sending PUBLISH to backend_mqtt_client (d0, q0, r0, m0, 'drone/drone_1/telemetry', ... (231 bytes))
1762534210: Sending PUBACK to mock_telemetry (m15, rc0)
1762534210: Received PUBLISH from mock_telemetry (d0, q1, r0, m16, 'drone/drone_1/telemetry', ... (189 bytes))
1762534210: Sending PUBLISH to backend_mqtt_client (d0, q0, r0, m0, 'drone/drone_1/telemetry', ... (189 bytes))
1762534210: Sending PUBACK to mock_telemetry (m16, rc0)
1762534210: Received PUBLISH from mock_telemetry (d0, q1, r0, m17, 'drone/drone_1/telemetry', ... (187 bytes))
1762534210: Sending PUBLISH to backend_mqtt_client (d0, q0, r0, m0, 'drone/drone_1/telemetry', ... (187 bytes))
1762534210: Sending PUBACK to mock_telemetry (m17, rc0)
1762534211: Received PUBLISH from mock_telemetry (d0, q1, r0, m18, 'drone/drone_1/telemetry', ... (218 bytes))
1762534211: Sending PUBLISH to backend_mqtt_client (d0, q0, r0, m0, 'drone/drone_1/telemetry', ... (218 bytes))
1762534211: Sending PUBACK to mock_telemetry (m18, rc0)
1762534211: Received PUBLISH from mock_telemetry (d0, q1, r0, m19, 'drone/drone_1/telemetry', ... (187 bytes))
1762534211: Sending PUBLISH to backend_mqtt_client (d0, q0, r0, m0, 'drone/drone_1/telemetry', ... (187 bytes))
1762534211: Sending PUBACK to mock_telemetry (m19, rc0)
1762534211: Received PUBLISH from mock_telemetry (d0, q1, r0, m20, 'drone/drone_1/telemetry', ... (218 bytes))
1762534211: Sending PUBLISH to backend_mqtt_client (d0, q0, r0, m0, 'drone/drone_1/telemetry', ... (218 bytes))
1762534211: Sending PUBACK to mock_telemetry (m20, rc0)
1762534211: Received PUBLISH from mock_telemetry (d0, q1, r0, m21, 'drone/drone_1/telemetry', ... (186 bytes))
1762534211: Sending PUBLISH to backend_mqtt_client (d0, q0, r0, m0, 'drone/drone_1/telemetry', ... (186 bytes))
1762534211: Sending PUBACK to mock_telemetry (m21, rc0)
1762534211: Received PUBLISH from mock_telemetry (d0, q1, r0, m22, 'drone/drone_1/telemetry', ... (189 bytes))
1762534211: Sending PUBLISH to backend_mqtt_client (d0, q0, r0, m0, 'drone/drone_1/telemetry', ... (189 bytes))
1762534211: Sending PUBACK to mock_telemetry (m22, rc0)
1762534211: Received PUBLISH from mock_telemetry (d0, q1, r0, m23, 'drone/drone_1/telemetry', ... (187 bytes))
1762534211: Sending PUBLISH to backend_mqtt_client (d0, q0, r0, m0, 'drone/drone_1/telemetry', ... (187 bytes))
1762534211: Sending PUBACK to mock_telemetry (m23, rc0)
1762534211: Received PUBLISH from mock_telemetry (d0, q1, r0, m24, 'drone/drone_1/telemetry', ... (218 bytes))
1762534211: Sending PUBLISH to backend_mqtt_client (d0, q0, r0, m0, 'drone/drone_1/telemetry', ... (218 bytes))
1762534211: Sending PUBACK to mock_telemetry (m24, rc0)
1762534211: Received PUBLISH from mock_telemetry (d0, q1, r0, m25, 'drone/drone_1/telemetry', ... (217 bytes))
1762534211: Sending PUBLISH to backend_mqtt_client (d0, q0, r0, m0, 'drone/drone_1/telemetry', ... (217 bytes))
1762534211: Sending PUBACK to mock_telemetry (m25, rc0)
1762534211: Received PUBLISH from mock_telemetry (d0, q1, r0, m26, 'drone/drone_1/telemetry', ... (189 bytes))
1762534211: Sending PUBLISH to backend_mqtt_client (d0, q0, r0, m0, 'drone/drone_1/telemetry', ... (189 bytes))
1762534211: Sending PUBACK to mock_telemetry (m26, rc0)
1762534211: Received PUBLISH from mock_telemetry (d0, q1, r0, m27, 'drone/drone_1/telemetry', ... (187 bytes))
1762534211: Sending PUBLISH to backend_mqtt_client (d0, q0, r0, m0, 'drone/drone_1/telemetry', ... (187 bytes))
1762534211: Sending PUBACK to mock_telemetry (m27, rc0)
1762534212: Received PUBLISH from mock_telemetry (d0, q1, r0, m28, 'drone/drone_1/telemetry', ... (189 bytes))
1762534212: Sending PUBLISH to backend_mqtt_client (d0, q0, r0, m0, 'drone/drone_1/telemetry', ... (189 bytes))
1762534212: Sending PUBACK to mock_telemetry (m28, rc0)
1762534212: Received PUBLISH from mock_telemetry (d0, q1, r0, m29, 'drone/drone_1/telemetry', ... (217 bytes))
1762534212: Sending PUBLISH to backend_mqtt_client (d0, q0, r0, m0, 'drone/drone_1/telemetry', ... (217 bytes))
1762534212: Sending PUBACK to mock_telemetry (m29, rc0)
1762534212: Received PUBLISH from mock_telemetry (d0, q1, r0, m30, 'drone/drone_1/telemetry', ... (218 bytes))
1762534212: Sending PUBLISH to backend_mqtt_client (d0, q0, r0, m0, 'drone/drone_1/telemetry', ... (218 bytes))
1762534212: Sending PUBACK to mock_telemetry (m30, rc0)
1762534212: Received PUBLISH from mock_telemetry (d0, q1, r0, m31, 'drone/drone_1/telemetry', ... (186 bytes))
1762534212: Sending PUBLISH to backend_mqtt_client (d0, q0, r0, m0, 'drone/drone_1/telemetry', ... (186 bytes))
1762534212: Sending PUBACK to mock_telemetry (m31, rc0)
1762534212: Received PUBLISH from mock_telemetry (d0, q1, r0, m32, 'drone/drone_1/telemetry', ... (189 bytes))
1762534212: Sending PUBLISH to backend_mqtt_client (d0, q0, r0, m0, 'drone/drone_1/telemetry', ... (189 bytes))
1762534212: Sending PUBACK to mock_telemetry (m32, rc0)
1762534212: Received PUBLISH from mock_telemetry (d0, q1, r0, m33, 'drone/drone_1/telemetry', ... (187 bytes))
1762534212: Sending PUBLISH to backend_mqtt_client (d0, q0, r0, m0, 'drone/drone_1/telemetry', ... (187 bytes))
1762534212: Sending PUBACK to mock_telemetry (m33, rc0)
1762534212: Received PUBLISH from mock_telemetry (d0, q1, r0, m34, 'drone/drone_1/telemetry', ... (218 bytes))
1762534212: Sending PUBLISH to backend_mqtt_client (d0, q0, r0, m0, 'drone/drone_1/telemetry', ... (218 bytes))
1762534212: Sending PUBACK to mock_telemetry (m34, rc0)
1762534212: Received PUBLISH from mock_telemetry (d0, q1, r0, m35, 'drone/drone_1/telemetry', ... (217 bytes))
1762534212: Sending PUBLISH to backend_mqtt_client (d0, q0, r0, m0, 'drone/drone_1/telemetry', ... (217 bytes))
1762534212: Sending PUBACK to mock_telemetry (m35, rc0)
1762534212: Received PUBLISH from mock_telemetry (d0, q1, r0, m36, 'drone/drone_1/telemetry', ... (189 bytes))
1762534212: Sending PUBLISH to backend_mqtt_client (d0, q0, r0, m0, 'drone/drone_1/telemetry', ... (189 bytes))
1762534212: Sending PUBACK to mock_telemetry (m36, rc0)
1762534213: Received PUBLISH from mock_telemetry (d0, q1, r0, m37, 'drone/drone_1/telemetry', ... (201 bytes))
1762534213: Sending PUBLISH to backend_mqtt_client (d0, q0, r0, m0, 'drone/drone_1/telemetry', ... (201 bytes))
1762534213: Sending PUBACK to mock_telemetry (m37, rc0)
1762534213: Received PUBLISH from mock_telemetry (d0, q1, r0, m38, 'drone/drone_1/telemetry', ... (189 bytes))
1762534213: Sending PUBLISH to backend_mqtt_client (d0, q0, r0, m0, 'drone/drone_1/telemetry', ... (189 bytes))
1762534213: Sending PUBACK to mock_telemetry (m38, rc0)
1762534213: Received PUBLISH from mock_telemetry (d0, q1, r0, m39, 'drone/drone_1/telemetry', ... (217 bytes))
1762534213: Sending PUBLISH to backend_mqtt_client (d0, q0, r0, m0, 'drone/drone_1/telemetry', ... (217 bytes))
1762534213: Sending PUBACK to mock_telemetry (m39, rc0)
1762534213: Received PUBLISH from mock_telemetry (d0, q1, r0, m40, 'drone/drone_1/telemetry', ... (232 bytes))
1762534213: Sending PUBLISH to backend_mqtt_client (d0, q0, r0, m0, 'drone/drone_1/telemetry', ... (232 bytes))
1762534213: Sending PUBACK to mock_telemetry (m40, rc0)
1762534213: Received PUBLISH from mock_telemetry (d0, q1, r0, m41, 'drone/drone_1/telemetry', ... (186 bytes))
1762534213: Sending PUBLISH to backend_mqtt_client (d0, q0, r0, m0, 'drone/drone_1/telemetry', ... (186 bytes))
1762534213: Sending PUBACK to mock_telemetry (m41, rc0)
1762534213: Received PUBLISH from mock_telemetry (d0, q1, r0, m42, 'drone/drone_1/telemetry', ... (232 bytes))
1762534213: Sending PUBLISH to backend_mqtt_client (d0, q0, r0, m0, 'drone/drone_1/telemetry', ... (232 bytes))
1762534213: Sending PUBACK to mock_telemetry (m42, rc0)
1762534213: Received PUBLISH from mock_telemetry (d0, q1, r0, m43, 'drone/drone_1/telemetry', ... (187 bytes))
1762534213: Sending PUBLISH to backend_mqtt_client (d0, q0, r0, m0, 'drone/drone_1/telemetry', ... (187 bytes))
1762534213: Sending PUBACK to mock_telemetry (m43, rc0)
1762534213: Received PUBLISH from mock_telemetry (d0, q1, r0, m44, 'drone/drone_1/telemetry', ... (189 bytes))
1762534213: Sending PUBLISH to backend_mqtt_client (d0, q0, r0, m0, 'drone/drone_1/telemetry', ... (189 bytes))
1762534213: Sending PUBACK to mock_telemetry (m44, rc0)
1762534213: Received PUBLISH from mock_telemetry (d0, q1, r0, m45, 'drone/drone_1/telemetry', ... (187 bytes))
1762534213: Sending PUBLISH to backend_mqtt_client (d0, q0, r0, m0, 'drone/drone_1/telemetry', ... (187 bytes))
1762534213: Sending PUBACK to mock_telemetry (m45, rc0)
1762534213: Received PUBLISH from mock_telemetry (d0, q1, r0, m46, 'drone/drone_1/telemetry', ... (189 bytes))
1762534213: Sending PUBLISH to backend_mqtt_client (d0, q0, r0, m0, 'drone/drone_1/telemetry', ... (189 bytes))
1762534213: Sending PUBACK to mock_telemetry (m46, rc0)
1762534214: Received PUBLISH from mock_telemetry (d0, q1, r0, m47, 'drone/drone_1/telemetry', ... (217 bytes))
1762534214: Sending PUBLISH to backend_mqtt_client (d0, q0, r0, m0, 'drone/drone_1/telemetry', ... (217 bytes))
1762534214: Sending PUBACK to mock_telemetry (m47, rc0)
1762534214: Received PUBLISH from mock_telemetry (d0, q1, r0, m48, 'drone/drone_1/telemetry', ... (189 bytes))
1762534214: Sending PUBLISH to backend_mqtt_client (d0, q0, r0, m0, 'drone/drone_1/telemetry', ... (189 bytes))
1762534214: Sending PUBACK to mock_telemetry (m48, rc0)
1762534214: Received PUBLISH from mock_telemetry (d0, q1, r0, m49, 'drone/drone_1/telemetry', ... (216 bytes))
1762534214: Sending PUBLISH to backend_mqtt_client (d0, q0, r0, m0, 'drone/drone_1/telemetry', ... (216 bytes))
1762534214: Sending PUBACK to mock_telemetry (m49, rc0)
1762534214: Received PUBLISH from mock_telemetry (d0, q1, r0, m50, 'drone/drone_1/telemetry', ... (189 bytes))
1762534214: Sending PUBLISH to backend_mqtt_client (d0, q0, r0, m0, 'drone/drone_1/telemetry', ... (189 bytes))
1762534214: Sending PUBACK to mock_telemetry (m50, rc0)
1762534214: Received PUBLISH from mock_telemetry (d0, q1, r0, m51, 'drone/drone_1/telemetry', ... (186 bytes))
1762534214: Sending PUBLISH to backend_mqtt_client (d0, q0, r0, m0, 'drone/drone_1/telemetry', ... (186 bytes))
1762534214: Sending PUBACK to mock_telemetry (m51, rc0)
1762534214: Received PUBLISH from mock_telemetry (d0, q1, r0, m52, 'drone/drone_1/telemetry', ... (218 bytes))
1762534214: Sending PUBLISH to backend_mqtt_client (d0, q0, r0, m0, 'drone/drone_1/telemetry', ... (218 bytes))
1762534214: Sending PUBACK to mock_telemetry (m52, rc0)
1762534214: Received PUBLISH from mock_telemetry (d0, q1, r0, m53, 'drone/drone_1/telemetry', ... (187 bytes))
1762534214: Sending PUBLISH to backend_mqtt_client (d0, q0, r0, m0, 'drone/drone_1/telemetry', ... (187 bytes))
1762534214: Sending PUBACK to mock_telemetry (m53, rc0)
1762534214: Received PUBLISH from mock_telemetry (d0, q1, r0, m54, 'drone/drone_1/telemetry', ... (217 bytes))
1762534214: Sending PUBLISH to backend_mqtt_client (d0, q0, r0, m0, 'drone/drone_1/telemetry', ... (217 bytes))
1762534214: Sending PUBACK to mock_telemetry (m54, rc0)
1762534214: Received PUBLISH from mock_telemetry (d0, q1, r0, m55, 'drone/drone_1/telemetry', ... (187 bytes))
1762534214: Sending PUBLISH to backend_mqtt_client (d0, q0, r0, m0, 'drone/drone_1/telemetry', ... (187 bytes))
1762534214: Sending PUBACK to mock_telemetry (m55, rc0)
1762534214: Received PUBLISH from mock_telemetry (d0, q1, r0, m56, 'drone/drone_1/telemetry', ... (189 bytes))
1762534214: Sending PUBLISH to backend_mqtt_client (d0, q0, r0, m0, 'drone/drone_1/telemetry', ... (189 bytes))
1762534214: Sending PUBACK to mock_telemetry (m56, rc0)
1762534215: Received PUBLISH from mock_telemetry (d0, q1, r0, m57, 'drone/drone_1/telemetry', ... (217 bytes))
1762534215: Sending PUBLISH to backend_mqtt_client (d0, q0, r0, m0, 'drone/drone_1/telemetry', ... (217 bytes))
1762534215: Sending PUBACK to mock_telemetry (m57, rc0)
1762534215: Received PUBLISH from mock_telemetry (d0, q1, r0, m58, 'drone/drone_1/telemetry', ... (189 bytes))
1762534215: Sending PUBLISH to backend_mqtt_client (d0, q0, r0, m0, 'drone/drone_1/telemetry', ... (189 bytes))
1762534215: Sending PUBACK to mock_telemetry (m58, rc0)
1762534215: Received PUBLISH from mock_telemetry (d0, q1, r0, m59, 'drone/drone_1/telemetry', ... (216 bytes))
1762534215: Sending PUBLISH to backend_mqtt_client (d0, q0, r0, m0, 'drone/drone_1/telemetry', ... (216 bytes))
1762534215: Sending PUBACK to mock_telemetry (m59, rc0)
1762534215: Received PUBLISH from mock_telemetry (d0, q1, r0, m60, 'drone/drone_1/telemetry', ... (203 bytes))
1762534215: Sending PUBLISH to backend_mqtt_client (d0, q0, r0, m0, 'drone/drone_1/telemetry', ... (203 bytes))
1762534215: Sending PUBACK to mock_telemetry (m60, rc0)
1762534215: Received PUBLISH from mock_telemetry (d0, q1, r0, m61, 'drone/drone_1/telemetry', ... (186 bytes))
1762534215: Sending PUBLISH to backend_mqtt_client (d0, q0, r0, m0, 'drone/drone_1/telemetry', ... (186 bytes))
1762534215: Sending PUBACK to mock_telemetry (m61, rc0)
1762534215: Received PUBLISH from mock_telemetry (d0, q1, r0, m62, 'drone/drone_1/telemetry', ... (232 bytes))
1762534215: Sending PUBLISH to backend_mqtt_client (d0, q0, r0, m0, 'drone/drone_1/telemetry', ... (232 bytes))
1762534215: Sending PUBACK to mock_telemetry (m62, rc0)
1762534215: Received PUBLISH from mock_telemetry (d0, q1, r0, m63, 'drone/drone_1/telemetry', ... (187 bytes))
1762534215: Sending PUBLISH to backend_mqtt_client (d0, q0, r0, m0, 'drone/drone_1/telemetry', ... (187 bytes))
1762534215: Sending PUBACK to mock_telemetry (m63, rc0)
1762534215: Received PUBLISH from mock_telemetry (d0, q1, r0, m64, 'drone/drone_1/telemetry', ... (217 bytes))
1762534215: Sending PUBLISH to backend_mqtt_client (d0, q0, r0, m0, 'drone/drone_1/telemetry', ... (217 bytes))
1762534215: Sending PUBACK to mock_telemetry (m64, rc0)
1762534215: Received PUBLISH from mock_telemetry (d0, q1, r0, m65, 'drone/drone_1/telemetry', ... (201 bytes))
1762534215: Sending PUBLISH to backend_mqtt_client (d0, q0, r0, m0, 'drone/drone_1/telemetry', ... (201 bytes))
1762534215: Sending PUBACK to mock_telemetry (m65, rc0)
1762534216: Received PUBLISH from mock_telemetry (d0, q1, r0, m66, 'drone/drone_1/telemetry', ... (189 bytes))
1762534216: Sending PUBLISH to backend_mqtt_client (d0, q0, r0, m0, 'drone/drone_1/telemetry', ... (189 bytes))
1762534216: Sending PUBACK to mock_telemetry (m66, rc0)
1762534216: Received PUBLISH from mock_telemetry (d0, q1, r0, m67, 'drone/drone_1/telemetry', ... (231 bytes))
1762534216: Sending PUBLISH to backend_mqtt_client (d0, q0, r0, m0, 'drone/drone_1/telemetry', ... (231 bytes))
1762534216: Sending PUBACK to mock_telemetry (m67, rc0)
1762534216: Received PUBLISH from mock_telemetry (d0, q1, r0, m68, 'drone/drone_1/telemetry', ... (189 bytes))
1762534216: Sending PUBLISH to backend_mqtt_client (d0, q0, r0, m0, 'drone/drone_1/telemetry', ... (189 bytes))
1762534216: Sending PUBACK to mock_telemetry (m68, rc0)
1762534216: Received PUBLISH from mock_telemetry (d0, q1, r0, m69, 'drone/drone_1/telemetry', ... (230 bytes))
1762534216: Sending PUBLISH to backend_mqtt_client (d0, q0, r0, m0, 'drone/drone_1/telemetry', ... (230 bytes))
1762534216: Sending PUBACK to mock_telemetry (m69, rc0)
1762534216: Received PUBLISH from mock_telemetry (d0, q1, r0, m70, 'drone/drone_1/telemetry', ... (189 bytes))
1762534216: Sending PUBLISH to backend_mqtt_client (d0, q0, r0, m0, 'drone/drone_1/telemetry', ... (189 bytes))
1762534216: Sending PUBACK to mock_telemetry (m70, rc0)
1762534216: Received PUBLISH from mock_telemetry (d0, q1, r0, m71, 'drone/drone_1/telemetry', ... (201 bytes))
1762534216: Sending PUBLISH to backend_mqtt_client (d0, q0, r0, m0, 'drone/drone_1/telemetry', ... (201 bytes))
1762534216: Sending PUBACK to mock_telemetry (m71, rc0)
1762534216: Received PUBLISH from mock_telemetry (d0, q1, r0, m72, 'drone/drone_1/telemetry', ... (218 bytes))
1762534216: Sending PUBLISH to backend_mqtt_client (d0, q0, r0, m0, 'drone/drone_1/telemetry', ... (218 bytes))
1762534216: Sending PUBACK to mock_telemetry (m72, rc0)
1762534216: Received PUBLISH from mock_telemetry (d0, q1, r0, m73, 'drone/drone_1/telemetry', ... (187 bytes))
1762534216: Sending PUBLISH to backend_mqtt_client (d0, q0, r0, m0, 'drone/drone_1/telemetry', ... (187 bytes))
1762534216: Sending PUBACK to mock_telemetry (m73, rc0)
1762534216: Received PUBLISH from mock_telemetry (d0, q1, r0, m74, 'drone/drone_1/telemetry', ... (217 bytes))
1762534216: Sending PUBLISH to backend_mqtt_client (d0, q0, r0, m0, 'drone/drone_1/telemetry', ... (217 bytes))
1762534216: Sending PUBACK to mock_telemetry (m74, rc0)
1762534216: Received PUBLISH from mock_telemetry (d0, q1, r0, m75, 'drone/drone_1/telemetry', ... (187 bytes))
1762534216: Sending PUBLISH to backend_mqtt_client (d0, q0, r0, m0, 'drone/drone_1/telemetry', ... (187 bytes))
1762534216: Sending PUBACK to mock_telemetry (m75, rc0)
1762534217: Received PUBLISH from mock_telemetry (d0, q1, r0, m76, 'drone/drone_1/telemetry', ... (189 bytes))
1762534217: Sending PUBLISH to backend_mqtt_client (d0, q0, r0, m0, 'drone/drone_1/telemetry', ... (189 bytes))
1762534217: Sending PUBACK to mock_telemetry (m76, rc0)
1762534217: Received PUBLISH from mock_telemetry (d0, q1, r0, m77, 'drone/drone_1/telemetry', ... (217 bytes))
1762534217: Sending PUBLISH to backend_mqtt_client (d0, q0, r0, m0, 'drone/drone_1/telemetry', ... (217 bytes))
1762534217: Sending PUBACK to mock_telemetry (m77, rc0)
1762534217: Received PUBLISH from mock_telemetry (d0, q1, r0, m78, 'drone/drone_1/telemetry', ... (189 bytes))
1762534217: Sending PUBLISH to backend_mqtt_client (d0, q0, r0, m0, 'drone/drone_1/telemetry', ... (189 bytes))
1762534217: Sending PUBACK to mock_telemetry (m78, rc0)
1762534217: Received PUBLISH from mock_telemetry (d0, q1, r0, m79, 'drone/drone_1/telemetry', ... (216 bytes))
1762534217: Sending PUBLISH to backend_mqtt_client (d0, q0, r0, m0, 'drone/drone_1/telemetry', ... (216 bytes))
1762534217: Sending PUBACK to mock_telemetry (m79, rc0)
1762534217: Received PUBLISH from mock_telemetry (d0, q1, r0, m80, 'drone/drone_1/telemetry', ... (189 bytes))
1762534217: Sending PUBLISH to backend_mqtt_client (d0, q0, r0, m0, 'drone/drone_1/telemetry', ... (189 bytes))
1762534217: Sending PUBACK to mock_telemetry (m80, rc0)
1762534217: Received PUBLISH from mock_telemetry (d0, q1, r0, m81, 'drone/drone_1/telemetry', ... (186 bytes))
1762534217: Sending PUBLISH to backend_mqtt_client (d0, q0, r0, m0, 'drone/drone_1/telemetry', ... (186 bytes))
1762534217: Sending PUBACK to mock_telemetry (m81, rc0)
1762534217: Received PUBLISH from mock_telemetry (d0, q1, r0, m82, 'drone/drone_1/telemetry', ... (189 bytes))
1762534217: Sending PUBLISH to backend_mqtt_client (d0, q0, r0, m0, 'drone/drone_1/telemetry', ... (189 bytes))
1762534217: Sending PUBACK to mock_telemetry (m82, rc0)
1762534217: Received PUBLISH from mock_telemetry (d0, q1, r0, m83, 'drone/drone_1/telemetry', ... (216 bytes))
1762534217: Sending PUBLISH to backend_mqtt_client (d0, q0, r0, m0, 'drone/drone_1/telemetry', ... (216 bytes))
1762534217: Sending PUBACK to mock_telemetry (m83, rc0)
1762534217: Received PUBLISH from mock_telemetry (d0, q1, r0, m84, 'drone/drone_1/telemetry', ... (189 bytes))
1762534217: Sending PUBLISH to backend_mqtt_client (d0, q0, r0, m0, 'drone/drone_1/telemetry', ... (189 bytes))
1762534217: Sending PUBACK to mock_telemetry (m84, rc0)
1762534217: Received PUBLISH from mock_telemetry (d0, q1, r0, m85, 'drone/drone_1/telemetry', ... (201 bytes))
1762534217: Sending PUBLISH to backend_mqtt_client (d0, q0, r0, m0, 'drone/drone_1/telemetry', ... (201 bytes))
1762534217: Sending PUBACK to mock_telemetry (m85, rc0)
1762534218: Received PUBLISH from mock_telemetry (d0, q1, r0, m86, 'drone/drone_1/telemetry', ... (189 bytes))
1762534218: Sending PUBLISH to backend_mqtt_client (d0, q0, r0, m0, 'drone/drone_1/telemetry', ... (189 bytes))
1762534218: Sending PUBACK to mock_telemetry (m86, rc0)
1762534218: Received PUBLISH from mock_telemetry (d0, q1, r0, m87, 'drone/drone_1/telemetry', ... (201 bytes))
1762534218: Sending PUBLISH to backend_mqtt_client (d0, q0, r0, m0, 'drone/drone_1/telemetry', ... (201 bytes))
1762534218: Sending PUBACK to mock_telemetry (m87, rc0)
1762534218: Received PUBLISH from mock_telemetry (d0, q1, r0, m88, 'drone/drone_1/telemetry', ... (217 bytes))
1762534218: Sending PUBLISH to backend_mqtt_client (d0, q0, r0, m0, 'drone/drone_1/telemetry', ... (217 bytes))
1762534218: Sending PUBACK to mock_telemetry (m88, rc0)
1762534218: Received PUBLISH from mock_telemetry (d0, q1, r0, m89, 'drone/drone_1/telemetry', ... (187 bytes))
1762534218: Sending PUBLISH to backend_mqtt_client (d0, q0, r0, m0, 'drone/drone_1/telemetry', ... (187 bytes))
1762534218: Sending PUBACK to mock_telemetry (m89, rc0)
1762534218: Received PUBLISH from mock_telemetry (d0, q1, r0, m90, 'drone/drone_1/telemetry', ... (203 bytes))
1762534218: Sending PUBLISH to backend_mqtt_client (d0, q0, r0, m0, 'drone/drone_1/telemetry', ... (203 bytes))
1762534218: Sending PUBACK to mock_telemetry (m90, rc0)
1762534218: Received PUBLISH from mock_telemetry (d0, q1, r0, m91, 'drone/drone_1/telemetry', ... (186 bytes))
1762534218: Sending PUBLISH to backend_mqtt_client (d0, q0, r0, m0, 'drone/drone_1/telemetry', ... (186 bytes))
1762534218: Sending PUBACK to mock_telemetry (m91, rc0)
1762534218: Received PUBLISH from mock_telemetry (d0, q1, r0, m92, 'drone/drone_1/telemetry', ... (203 bytes))
1762534218: Sending PUBLISH to backend_mqtt_client (d0, q0, r0, m0, 'drone/drone_1/telemetry', ... (203 bytes))
1762534218: Sending PUBACK to mock_telemetry (m92, rc0)
1762534218: Received PUBLISH from mock_telemetry (d0, q1, r0, m93, 'drone/drone_1/telemetry', ... (216 bytes))
1762534218: Sending PUBLISH to backend_mqtt_client (d0, q0, r0, m0, 'drone/drone_1/telemetry', ... (216 bytes))
1762534218: Sending PUBACK to mock_telemetry (m93, rc0)
1762534218: Received PUBLISH from mock_telemetry (d0, q1, r0, m94, 'drone/drone_1/telemetry', ... (203 bytes))
1762534218: Sending PUBLISH to backend_mqtt_client (d0, q0, r0, m0, 'drone/drone_1/telemetry', ... (203 bytes))
1762534218: Sending PUBACK to mock_telemetry (m94, rc0)
1762534219: Received PUBLISH from mock_telemetry (d0, q1, r0, m95, 'drone/drone_1/telemetry', ... (187 bytes))
1762534219: Sending PUBLISH to backend_mqtt_client (d0, q0, r0, m0, 'drone/drone_1/telemetry', ... (187 bytes))
1762534219: Sending PUBACK to mock_telemetry (m95, rc0)
1762534219: Received PUBLISH from mock_telemetry (d0, q1, r0, m96, 'drone/drone_1/telemetry', ... (203 bytes))
1762534219: Sending PUBLISH to backend_mqtt_client (d0, q0, r0, m0, 'drone/drone_1/telemetry', ... (203 bytes))
1762534219: Sending PUBACK to mock_telemetry (m96, rc0)
1762534219: Received PUBLISH from mock_telemetry (d0, q1, r0, m97, 'drone/drone_1/telemetry', ... (215 bytes))
1762534219: Sending PUBLISH to backend_mqtt_client (d0, q0, r0, m0, 'drone/drone_1/telemetry', ... (215 bytes))
1762534219: Sending PUBACK to mock_telemetry (m97, rc0)
1762534219: Received PUBLISH from mock_telemetry (d0, q1, r0, m98, 'drone/drone_1/telemetry', ... (217 bytes))
1762534219: Sending PUBLISH to backend_mqtt_client (d0, q0, r0, m0, 'drone/drone_1/telemetry', ... (217 bytes))
1762534219: Sending PUBACK to mock_telemetry (m98, rc0)
1762534219: Received PUBLISH from mock_telemetry (d0, q1, r0, m99, 'drone/drone_1/telemetry', ... (187 bytes))
1762534219: Sending PUBLISH to backend_mqtt_client (d0, q0, r0, m0, 'drone/drone_1/telemetry', ... (187 bytes))
1762534219: Sending PUBACK to mock_telemetry (m99, rc0)
1762534219: Received PUBLISH from mock_telemetry (d0, q1, r0, m100, 'drone/drone_1/telemetry', ... (189 bytes))
1762534219: Sending PUBLISH to backend_mqtt_client (d0, q0, r0, m0, 'drone/drone_1/telemetry', ... (189 bytes))
1762534219: Sending PUBACK to mock_telemetry (m100, rc0)
1762534220: Received DISCONNECT from mock_telemetry
1762534220: Client mock_telemetry disconnected.
1762534250: Received PINGREQ from backend_mqtt_client
1762534250: Sending PINGRESP to backend_mqtt_client
1762534283: Received PUBLISH from backend_mqtt_client (d0, q1, r0, m4, 'drone/drone_1/command', ... (114 bytes))
1762534283: Sending PUBACK to backend_mqtt_client (m4, rc0)
1762534304: Received PUBLISH from backend_mqtt_client (d0, q1, r0, m5, 'drone/drone_1/command', ... (81 bytes))
1762534304: Sending PUBACK to backend_mqtt_client (m5, rc0)
1762534311: Received PINGREQ from backend_mqtt_client
1762534311: Sending PINGRESP to backend_mqtt_client
1762534367: New connection from ::1:52767 on port 1883.
1762534367: New client connected from ::1:52767 as mock_state (p2, c1, k60).
1762534367: No will message specified.
1762534367: Sending CONNACK to mock_state (0, 0)
1762534367: Received PUBLISH from mock_state (d0, q1, r0, m1, 'drone/drone_1/state', ... (53 bytes))
1762534367: Sending PUBLISH to backend_mqtt_client (d0, q0, r0, m0, 'drone/drone_1/state', ... (53 bytes))
1762534367: Sending PUBACK to mock_state (m1, rc0)
1762534367: Received DISCONNECT from mock_state
1762534367: Client mock_state disconnected.
1762534372: Received PINGREQ from backend_mqtt_client
1762534372: Sending PINGRESP to backend_mqtt_client
1762534432: Received PINGREQ from backend_mqtt_client
1762534432: Sending PINGRESP to backend_mqtt_client
1762534492: Received PINGREQ from backend_mqtt_client
1762534492: Sending PINGRESP to backend_mqtt_client
1762534552: Received PINGREQ from backend_mqtt_client
1762534552: Sending PINGRESP to backend_mqtt_client
1762534613: Received PINGREQ from backend_mqtt_client
1762534613: Sending PINGRESP to backend_mqtt_client
1762534673: Received PINGREQ from backend_mqtt_client
1762534673: Sending PINGRESP to backend_mqtt_client
1762534733: Received PINGREQ from backend_mqtt_client
1762534733: Sending PINGRESP to backend_mqtt_client
1762534793: Received PINGREQ from backend_mqtt_client
1762534793: Sending PINGRESP to backend_mqtt_client
1762534853: Received PINGREQ from backend_mqtt_client
1762534853: Sending PINGRESP to backend_mqtt_client
1762534913: Received PINGREQ from backend_mqtt_client
1762534913: Sending PINGRESP to backend_mqtt_client
1762534974: Received PINGREQ from backend_mqtt_client
1762534974: Sending PINGRESP to backend_mqtt_client
1762535034: Received PINGREQ from backend_mqtt_client
1762535034: Sending PINGRESP to backend_mqtt_client
1762535094: Received PINGREQ from backend_mqtt_client
1762535094: Sending PINGRESP to backend_mqtt_client
1762535154: Received PINGREQ from backend_mqtt_client
1762535154: Sending PINGRESP to backend_mqtt_client
1762535214: Received PINGREQ from backend_mqtt_client
1762535214: Sending PINGRESP to backend_mqtt_client
1762535275: Received PINGREQ from backend_mqtt_client
1762535275: Sending PINGRESP to backend_mqtt_client
1762535335: Received PINGREQ from backend_mqtt_client
1762535335: Sending PINGRESP to backend_mqtt_client
1762535395: Received PINGREQ from backend_mqtt_client
1762535395: Sending PINGRESP to backend_mqtt_client
1762535455: Received PINGREQ from backend_mqtt_client
1762535455: Sending PINGRESP to backend_mqtt_client
1762535516: Received PINGREQ from backend_mqtt_client
1762535516: Sending PINGRESP to backend_mqtt_client
1762535576: Received PINGREQ from backend_mqtt_client
1762535576: Sending PINGRESP to backend_mqtt_client
1762535636: Received PINGREQ from backend_mqtt_client
1762535636: Sending PINGRESP to backend_mqtt_client
1762535696: Received PINGREQ from backend_mqtt_client
1762535696: Sending PINGRESP to backend_mqtt_client
1762535756: Received PINGREQ from backend_mqtt_client
1762535756: Sending PINGRESP to backend_mqtt_client
1762535817: Received PINGREQ from backend_mqtt_client
1762535817: Sending PINGRESP to backend_mqtt_client
1762535877: Received PINGREQ from backend_mqtt_client
1762535877: Sending PINGRESP to backend_mqtt_client
1762535937: Received PINGREQ from backend_mqtt_client
1762535937: Sending PINGRESP to backend_mqtt_client
1762535980: Saving in-memory database to ./mqtt/local_data//mosquitto.db.
1762535997: Received PINGREQ from backend_mqtt_client
1762535997: Sending PINGRESP to backend_mqtt_client
1762536058: Received PINGREQ from backend_mqtt_client
1762536058: Sending PINGRESP to backend_mqtt_client
1762536118: Received PINGREQ from backend_mqtt_client
1762536118: Sending PINGRESP to backend_mqtt_client
1762536178: Received PINGREQ from backend_mqtt_client
1762536178: Sending PINGRESP to backend_mqtt_client
1762536493: Received PINGREQ from backend_mqtt_client
1762536493: Sending PINGRESP to backend_mqtt_client
1762536891: Received PINGREQ from backend_mqtt_client
1762536891: Sending PINGRESP to backend_mqtt_client
1762542064: Received PINGREQ from backend_mqtt_client
1762542064: Sending PINGRESP to backend_mqtt_client
1762550174: Received PINGREQ from backend_mqtt_client
1762550174: Sending PINGRESP to backend_mqtt_client
1762554455: Received PINGREQ from backend_mqtt_client
1762554455: Sending PINGRESP to backend_mqtt_client
1762558128: Received PINGREQ from backend_mqtt_client
1762558128: Sending PINGRESP to backend_mqtt_client
1762561777: Received PINGREQ from backend_mqtt_client
1762561777: Sending PINGRESP to backend_mqtt_client
1762569915: Received PINGREQ from backend_mqtt_client
1762569915: Sending PINGRESP to backend_mqtt_client
1762579995: Received PINGREQ from backend_mqtt_client
1762579995: Sending PINGRESP to backend_mqtt_client
1762587935: Received PINGREQ from backend_mqtt_client
1762587935: Sending PINGRESP to backend_mqtt_client
1762593666: Received PINGREQ from backend_mqtt_client
1762593666: Sending PINGRESP to backend_mqtt_client
1762599965: Received PINGREQ from backend_mqtt_client
1762599965: Sending PINGRESP to backend_mqtt_client
1762607250: Received PINGREQ from backend_mqtt_client
1762607250: Sending PINGRESP to backend_mqtt_client
1762610771: Received PINGREQ from backend_mqtt_client
1762610771: Sending PINGRESP to backend_mqtt_client
1762613551: Received PINGREQ from backend_mqtt_client
1762613551: Sending PINGRESP to backend_mqtt_client
1762619060: Received PINGREQ from backend_mqtt_client
1762619060: Sending PINGRESP to backend_mqtt_client
1762623517: Received PINGREQ from backend_mqtt_client
1762623517: Sending PINGRESP to backend_mqtt_client
1762630138: Received PINGREQ from backend_mqtt_client
1762630138: Sending PINGRESP to backend_mqtt_client
1762633138: Received PINGREQ from backend_mqtt_client
1762633138: Sending PINGRESP to backend_mqtt_client
1762638157: Received PINGREQ from backend_mqtt_client
1762638157: Sending PINGRESP to backend_mqtt_client
1762643913: Received PINGREQ from backend_mqtt_client
1762643913: Sending PINGRESP to backend_mqtt_client
1762648968: Received PINGREQ from backend_mqtt_client
1762648968: Sending PINGRESP to backend_mqtt_client
1762655850: Received PINGREQ from backend_mqtt_client
1762655850: Sending PINGRESP to backend_mqtt_client
1762663853: Received PINGREQ from backend_mqtt_client
1762663853: Sending PINGRESP to backend_mqtt_client
1762672320: Received PINGREQ from backend_mqtt_client
1762672320: Sending PINGRESP to backend_mqtt_client
1762680745: Received PINGREQ from backend_mqtt_client
1762680745: Sending PINGRESP to backend_mqtt_client
1762682454: Saving in-memory database to ./mqtt/local_data//mosquitto.db.
1762686437: Received PINGREQ from backend_mqtt_client
1762686437: Sending PINGRESP to backend_mqtt_client
1762691705: Received PINGREQ from backend_mqtt_client
1762691705: Sending PINGRESP to backend_mqtt_client
1762695466: Received PINGREQ from backend_mqtt_client
1762695466: Sending PINGRESP to backend_mqtt_client
1762703678: Received PINGREQ from backend_mqtt_client
1762703678: Sending PINGRESP to backend_mqtt_client
1762710957: Received PINGREQ from backend_mqtt_client
1762710957: Sending PINGRESP to backend_mqtt_client
1762711392: Received PINGREQ from backend_mqtt_client
1762711392: Sending PINGRESP to backend_mqtt_client
1762713672: Received PINGREQ from backend_mqtt_client
1762713672: Sending PINGRESP to backend_mqtt_client
1762722902: Received PINGREQ from backend_mqtt_client
1762722902: Sending PINGRESP to backend_mqtt_client
1762732385: Received PINGREQ from backend_mqtt_client
1762732385: Sending PINGRESP to backend_mqtt_client
1762739695: Received PINGREQ from backend_mqtt_client
1762739695: Sending PINGRESP to backend_mqtt_client
1762748723: Received PINGREQ from backend_mqtt_client
1762748723: Sending PINGRESP to backend_mqtt_client
1762757256: Received PINGREQ from backend_mqtt_client
1762757256: Sending PINGRESP to backend_mqtt_client
1762762749: Received PINGREQ from backend_mqtt_client
1762762749: Sending PINGRESP to backend_mqtt_client
1762772106: Received PINGREQ from backend_mqtt_client
1762772106: Sending PINGRESP to backend_mqtt_client
1762780986: Received PINGREQ from backend_mqtt_client
1762780986: Sending PINGRESP to backend_mqtt_client
1762787499: Received PINGREQ from backend_mqtt_client
1762787499: Sending PINGRESP to backend_mqtt_client
1762794934: Received PINGREQ from backend_mqtt_client
1762794934: Sending PINGRESP to backend_mqtt_client
1762797802: Received PINGREQ from backend_mqtt_client
1762797802: Sending PINGRESP to backend_mqtt_client
1762798006: Received PINGREQ from backend_mqtt_client
1762798006: Sending PINGRESP to backend_mqtt_client
1762798067: Received PINGREQ from backend_mqtt_client
1762798067: Sending PINGRESP to backend_mqtt_client
1762798127: Received PINGREQ from backend_mqtt_client
1762798127: Sending PINGRESP to backend_mqtt_client
1762802419: Received PINGREQ from backend_mqtt_client
1762802419: Sending PINGRESP to backend_mqtt_client
1762802479: Received PINGREQ from backend_mqtt_client
1762802479: Sending PINGRESP to backend_mqtt_client
1762802539: Received PINGREQ from backend_mqtt_client
1762802539: Sending PINGRESP to backend_mqtt_client
1762802600: Received PINGREQ from backend_mqtt_client
1762802600: Sending PINGRESP to backend_mqtt_client
1762802660: Received PINGREQ from backend_mqtt_client
1762802660: Sending PINGRESP to backend_mqtt_client
1762802720: Received PINGREQ from backend_mqtt_client
1762802720: Sending PINGRESP to backend_mqtt_client
1762802780: Received PINGREQ from backend_mqtt_client
1762802780: Sending PINGRESP to backend_mqtt_client
1762802841: Received PINGREQ from backend_mqtt_client
1762802841: Sending PINGRESP to backend_mqtt_client
1762802901: Received PINGREQ from backend_mqtt_client
1762802901: Sending PINGRESP to backend_mqtt_client
1762802919: Saving in-memory database to ./mqtt/local_data//mosquitto.db.
1762802961: Received PINGREQ from backend_mqtt_client
1762802961: Sending PINGRESP to backend_mqtt_client
1762803021: Received PINGREQ from backend_mqtt_client
1762803021: Sending PINGRESP to backend_mqtt_client
1762803082: Received PINGREQ from backend_mqtt_client
1762803082: Sending PINGRESP to backend_mqtt_client
1762803142: Received PINGREQ from backend_mqtt_client
1762803142: Sending PINGRESP to backend_mqtt_client
1762803202: Received PINGREQ from backend_mqtt_client
1762803202: Sending PINGRESP to backend_mqtt_client
1762803262: Received PINGREQ from backend_mqtt_client
1762803262: Sending PINGRESP to backend_mqtt_client
1762803322: Received PINGREQ from backend_mqtt_client
1762803322: Sending PINGRESP to backend_mqtt_client
1762803383: Received PINGREQ from backend_mqtt_client
1762803383: Sending PINGRESP to backend_mqtt_client
1762803443: Received PINGREQ from backend_mqtt_client
1762803443: Sending PINGRESP to backend_mqtt_client
1762803503: Received PINGREQ from backend_mqtt_client
1762803503: Sending PINGRESP to backend_mqtt_client
1762803563: Received PINGREQ from backend_mqtt_client
1762803563: Sending PINGRESP to backend_mqtt_client
1762803624: Received PINGREQ from backend_mqtt_client
1762803624: Sending PINGRESP to backend_mqtt_client
1762803684: Received PINGREQ from backend_mqtt_client
1762803684: Sending PINGRESP to backend_mqtt_client
1762803744: Received PINGREQ from backend_mqtt_client
1762803744: Sending PINGRESP to backend_mqtt_client
1762803804: Received PINGREQ from backend_mqtt_client
1762803804: Sending PINGRESP to backend_mqtt_client
1762803864: Received PINGREQ from backend_mqtt_client
1762803864: Sending PINGRESP to backend_mqtt_client
1762803924: Received PINGREQ from backend_mqtt_client
1762803924: Sending PINGRESP to backend_mqtt_client
1762803985: Received PINGREQ from backend_mqtt_client
1762803985: Sending PINGRESP to backend_mqtt_client
1762804045: Received PINGREQ from backend_mqtt_client
1762804045: Sending PINGRESP to backend_mqtt_client
1762804105: Received PINGREQ from backend_mqtt_client
1762804105: Sending PINGRESP to backend_mqtt_client
1762804165: Received PINGREQ from backend_mqtt_client
1762804165: Sending PINGRESP to backend_mqtt_client
1762804225: Received PINGREQ from backend_mqtt_client
1762804225: Sending PINGRESP to backend_mqtt_client
1762804286: Received PINGREQ from backend_mqtt_client
1762804286: Sending PINGRESP to backend_mqtt_client
1762804346: Received PINGREQ from backend_mqtt_client
1762804346: Sending PINGRESP to backend_mqtt_client
1762804406: Received PINGREQ from backend_mqtt_client
1762804406: Sending PINGRESP to backend_mqtt_client
1762804466: Received PINGREQ from backend_mqtt_client
1762804466: Sending PINGRESP to backend_mqtt_client
1762804526: Received PINGREQ from backend_mqtt_client
1762804526: Sending PINGRESP to backend_mqtt_client
1762804586: Received PINGREQ from backend_mqtt_client
1762804586: Sending PINGRESP to backend_mqtt_client
1762804647: Received PINGREQ from backend_mqtt_client
1762804647: Sending PINGRESP to backend_mqtt_client
1762804707: Received PINGREQ from backend_mqtt_client
1762804707: Sending PINGRESP to backend_mqtt_client
1762804720: Saving in-memory database to ./mqtt/local_data//mosquitto.db.
1762804767: Received PINGREQ from backend_mqtt_client
1762804767: Sending PINGRESP to backend_mqtt_client
1762804827: Received PINGREQ from backend_mqtt_client
1762804827: Sending PINGRESP to backend_mqtt_client
1762804887: Received PINGREQ from backend_mqtt_client
1762804887: Sending PINGRESP to backend_mqtt_client
1762804947: Received PINGREQ from backend_mqtt_client
1762804947: Sending PINGRESP to backend_mqtt_client
1762805008: Received PINGREQ from backend_mqtt_client
1762805008: Sending PINGRESP to backend_mqtt_client
1762805068: Received PINGREQ from backend_mqtt_client
1762805068: Sending PINGRESP to backend_mqtt_client
1762805128: Received PINGREQ from backend_mqtt_client
1762805128: Sending PINGRESP to backend_mqtt_client
1762805188: Received PINGREQ from backend_mqtt_client
1762805188: Sending PINGRESP to backend_mqtt_client
1762805248: Received PINGREQ from backend_mqtt_client
1762805248: Sending PINGRESP to backend_mqtt_client
1762805308: Received PINGREQ from backend_mqtt_client
1762805308: Sending PINGRESP to backend_mqtt_client
1762805369: Received PINGREQ from backend_mqtt_client
1762805369: Sending PINGRESP to backend_mqtt_client
1762805429: Received PINGREQ from backend_mqtt_client
1762805429: Sending PINGRESP to backend_mqtt_client
1762805489: Received PINGREQ from backend_mqtt_client
1762805489: Sending PINGRESP to backend_mqtt_client
1762805549: Received PINGREQ from backend_mqtt_client
1762805549: Sending PINGRESP to backend_mqtt_client
1762805609: Received PINGREQ from backend_mqtt_client
1762805609: Sending PINGRESP to backend_mqtt_client
1762805669: Received PINGREQ from backend_mqtt_client
1762805669: Sending PINGRESP to backend_mqtt_client
1762805729: Received PINGREQ from backend_mqtt_client
1762805729: Sending PINGRESP to backend_mqtt_client
1762805790: Received PINGREQ from backend_mqtt_client
1762805790: Sending PINGRESP to backend_mqtt_client
1762805850: Received PINGREQ from backend_mqtt_client
1762805850: Sending PINGRESP to backend_mqtt_client
1762805910: Received PINGREQ from backend_mqtt_client
1762805910: Sending PINGRESP to backend_mqtt_client
1762805970: Received PINGREQ from backend_mqtt_client
1762805970: Sending PINGRESP to backend_mqtt_client
1762806030: Received PINGREQ from backend_mqtt_client
1762806030: Sending PINGRESP to backend_mqtt_client
1762806091: Received PINGREQ from backend_mqtt_client
1762806091: Sending PINGRESP to backend_mqtt_client
1762806151: Received PINGREQ from backend_mqtt_client
1762806151: Sending PINGRESP to backend_mqtt_client
1762806211: Received PINGREQ from backend_mqtt_client
1762806211: Sending PINGRESP to backend_mqtt_client
1762806271: Received PINGREQ from backend_mqtt_client
1762806271: Sending PINGRESP to backend_mqtt_client
1762806331: Received PINGREQ from backend_mqtt_client
1762806331: Sending PINGRESP to backend_mqtt_client
1762806392: Received PINGREQ from backend_mqtt_client
1762806392: Sending PINGRESP to backend_mqtt_client
1762806452: Received PINGREQ from backend_mqtt_client
1762806452: Sending PINGRESP to backend_mqtt_client
1762806512: Received PINGREQ from backend_mqtt_client
1762806512: Sending PINGRESP to backend_mqtt_client
1762806521: Saving in-memory database to ./mqtt/local_data//mosquitto.db.
1762806573: Received PINGREQ from backend_mqtt_client
1762806573: Sending PINGRESP to backend_mqtt_client
1762806633: Received PINGREQ from backend_mqtt_client
1762806633: Sending PINGRESP to backend_mqtt_client
1762806693: Received PINGREQ from backend_mqtt_client
1762806693: Sending PINGRESP to backend_mqtt_client
1762806753: Received PINGREQ from backend_mqtt_client
1762806753: Sending PINGRESP to backend_mqtt_client
1762806813: Received PINGREQ from backend_mqtt_client
1762806813: Sending PINGRESP to backend_mqtt_client
1762806874: Received PINGREQ from backend_mqtt_client
1762806874: Sending PINGRESP to backend_mqtt_client
1762806934: Received PINGREQ from backend_mqtt_client
1762806934: Sending PINGRESP to backend_mqtt_client
1762806994: Received PINGREQ from backend_mqtt_client
1762806994: Sending PINGRESP to backend_mqtt_client
1762807054: Received PINGREQ from backend_mqtt_client
1762807054: Sending PINGRESP to backend_mqtt_client
1762807115: Received PINGREQ from backend_mqtt_client
1762807115: Sending PINGRESP to backend_mqtt_client
1762807175: Received PINGREQ from backend_mqtt_client
1762807175: Sending PINGRESP to backend_mqtt_client
1762807236: Received PINGREQ from backend_mqtt_client
1762807236: Sending PINGRESP to backend_mqtt_client
1762807296: Received PINGREQ from backend_mqtt_client
1762807296: Sending PINGRESP to backend_mqtt_client
1762807310: mosquitto version 2.0.22 terminating
1762807310: Saving in-memory database to ./mqtt/local_data//mosquitto.db.
